
   PASS  Tests\Unit\ExampleTest
  Γ£ô that true is true                                                                       0.01s  

   FAIL  Tests\Feature\Auth\AuthenticationTest
  Γ£ô login screen can be rendered                                                            1.31s  
  Γ¿» users can authenticate using the login screen                                           0.12s  
  Γ¿» users can not authenticate with invalid password                                        0.04s  
  Γ¿» users can logout                                                                        0.04s  

   FAIL  Tests\Feature\Auth\EmailVerificationTest
  Γ¿» email verification screen can be rendered                                               0.04s  
  Γ¿» email can be verified                                                                   0.04s  
  Γ¿» email is not verified with invalid hash                                                 0.04s  

   FAIL  Tests\Feature\Auth\PasswordConfirmationTest
  Γ¿» confirm password screen can be rendered                                                 0.05s  
  Γ¿» password can be confirmed                                                               0.04s  
  Γ¿» password is not confirmed with invalid password                                         0.04s  

   FAIL  Tests\Feature\Auth\PasswordResetTest
  Γ£ô reset password link screen can be rendered                                              0.06s  
  Γ¿» reset password link can be requested                                                    0.04s  
  Γ¿» reset password screen can be rendered                                                   0.03s  
  Γ¿» password can be reset with valid token                                                  0.03s  

   FAIL  Tests\Feature\Auth\PasswordUpdateTest
  Γ¿» password can be updated                                                                 0.05s  
  Γ¿» correct password must be provided to update password                                    0.04s  

   FAIL  Tests\Feature\Auth\RegistrationTest
  Γ£ô registration screen can be rendered                                                     0.05s  
  Γ¿» new users can register                                                                  0.08s  

   PASS  Tests\Feature\ExampleTest
  Γ£ô the application returns a successful response                                           0.05s  

   FAIL  Tests\Feature\ProfileTest
  Γ¿» profile page is displayed                                                               0.04s  
  Γ¿» profile information can be updated                                                      0.03s  
  Γ¿» email verification status is unchanged when the email address is unchanged              0.04s  
  Γ¿» user can delete their account                                                           0.03s  
  Γ¿» correct password must be provided to delete account                                     0.04s  
  ΓöÇΓöÇΓöÇΓöÇΓöÇΓöÇΓöÇΓöÇΓöÇΓöÇΓöÇΓöÇΓöÇΓöÇΓöÇΓöÇΓöÇΓöÇΓöÇΓöÇΓöÇΓöÇΓöÇΓöÇΓöÇΓöÇΓöÇΓöÇΓöÇΓöÇΓöÇΓöÇΓöÇΓöÇΓöÇΓöÇΓöÇΓöÇΓöÇΓöÇΓöÇΓöÇΓöÇΓöÇΓöÇΓöÇΓöÇΓöÇΓöÇΓöÇΓöÇΓöÇΓöÇΓöÇΓöÇΓöÇΓöÇΓöÇΓöÇΓöÇΓöÇΓöÇΓöÇΓöÇΓöÇΓöÇΓöÇΓöÇΓöÇΓöÇΓöÇΓöÇΓöÇΓöÇΓöÇΓöÇΓöÇΓöÇΓöÇΓöÇΓöÇΓöÇΓöÇΓöÇΓöÇΓöÇΓöÇΓöÇΓöÇΓöÇΓöÇΓöÇΓöÇΓöÇΓöÇ  
   FAILED  Tests\Feature\Auth\AuthenticationTest > users can authenticate usingΓÇª  QueryException   
  SQLSTATE[23000]: Integrity constraint violation: 19 NOT NULL constraint failed: users.role_id (Connection: sqlite, SQL: insert into "users" ("name", "email", "email_verified_at", "password", "remember_token", "updated_at", "created_at") values (Otha Bashirian, koberbrunner@example.com, 2026-04-19 01:13:25, $2y$04$5YHZIweTut0gWuO7uU9XOev3jLmJ8nmHHfoht277Jsl.SUFgMYtli, gO6dYsqZMj, 2026-04-19 01:13:25, 2026-04-19 01:13:25))

  at vendor\laravel\framework\src\Illuminate\Database\Connection.php:824
    820Γûò                     $this->getName(), $query, $this->prepareBindings($bindings), $e
    821Γûò                 );
    822Γûò             }
    823Γûò 
  Γ₧£ 824Γûò             throw new QueryException(
    825Γûò                 $this->getName(), $query, $this->prepareBindings($bindings), $e
    826Γûò             );
    827Γûò         }
    828Γûò     }

  1   vendor\laravel\framework\src\Illuminate\Database\Connection.php:824

  2   vendor\laravel\framework\src\Illuminate\Database\Connection.php:570
      NunoMaduro\Collision\Exceptions\TestException::("SQLSTATE[23000]: Integrity constraint violation: 19 NOT NULL constraint failed: users.role_id")

  ΓöÇΓöÇΓöÇΓöÇΓöÇΓöÇΓöÇΓöÇΓöÇΓöÇΓöÇΓöÇΓöÇΓöÇΓöÇΓöÇΓöÇΓöÇΓöÇΓöÇΓöÇΓöÇΓöÇΓöÇΓöÇΓöÇΓöÇΓöÇΓöÇΓöÇΓöÇΓöÇΓöÇΓöÇΓöÇΓöÇΓöÇΓöÇΓöÇΓöÇΓöÇΓöÇΓöÇΓöÇΓöÇΓöÇΓöÇΓöÇΓöÇΓöÇΓöÇΓöÇΓöÇΓöÇΓöÇΓöÇΓöÇΓöÇΓöÇΓöÇΓöÇΓöÇΓöÇΓöÇΓöÇΓöÇΓöÇΓöÇΓöÇΓöÇΓöÇΓöÇΓöÇΓöÇΓöÇΓöÇΓöÇΓöÇΓöÇΓöÇΓöÇΓöÇΓöÇΓöÇΓöÇΓöÇΓöÇΓöÇΓöÇΓöÇΓöÇΓöÇΓöÇΓöÇΓöÇ  
   FAILED  Tests\Feature\Auth\AuthenticationTest > users can not authenticate wΓÇª  QueryException   
  SQLSTATE[23000]: Integrity constraint violation: 19 NOT NULL constraint failed: users.role_id (Connection: sqlite, SQL: insert into "users" ("name", "email", "email_verified_at", "password", "remember_token", "updated_at", "created_at") values (Callie Schmeler, hlarkin@example.net, 2026-04-19 01:13:25, $2y$04$5YHZIweTut0gWuO7uU9XOev3jLmJ8nmHHfoht277Jsl.SUFgMYtli, devn1ElKuR, 2026-04-19 01:13:25, 2026-04-19 01:13:25))

  at vendor\laravel\framework\src\Illuminate\Database\Connection.php:824
    820Γûò                     $this->getName(), $query, $this->prepareBindings($bindings), $e
    821Γûò                 );
    822Γûò             }
    823Γûò 
  Γ₧£ 824Γûò             throw new QueryException(
    825Γûò                 $this->getName(), $query, $this->prepareBindings($bindings), $e
    826Γûò             );
    827Γûò         }
    828Γûò     }

  1   vendor\laravel\framework\src\Illuminate\Database\Connection.php:824

  2   vendor\laravel\framework\src\Illuminate\Database\Connection.php:570
      NunoMaduro\Collision\Exceptions\TestException::("SQLSTATE[23000]: Integrity constraint violation: 19 NOT NULL constraint failed: users.role_id")

  ΓöÇΓöÇΓöÇΓöÇΓöÇΓöÇΓöÇΓöÇΓöÇΓöÇΓöÇΓöÇΓöÇΓöÇΓöÇΓöÇΓöÇΓöÇΓöÇΓöÇΓöÇΓöÇΓöÇΓöÇΓöÇΓöÇΓöÇΓöÇΓöÇΓöÇΓöÇΓöÇΓöÇΓöÇΓöÇΓöÇΓöÇΓöÇΓöÇΓöÇΓöÇΓöÇΓöÇΓöÇΓöÇΓöÇΓöÇΓöÇΓöÇΓöÇΓöÇΓöÇΓöÇΓöÇΓöÇΓöÇΓöÇΓöÇΓöÇΓöÇΓöÇΓöÇΓöÇΓöÇΓöÇΓöÇΓöÇΓöÇΓöÇΓöÇΓöÇΓöÇΓöÇΓöÇΓöÇΓöÇΓöÇΓöÇΓöÇΓöÇΓöÇΓöÇΓöÇΓöÇΓöÇΓöÇΓöÇΓöÇΓöÇΓöÇΓöÇΓöÇΓöÇΓöÇΓöÇ  
   FAILED  Tests\Feature\Auth\AuthenticationTest > users can logout               QueryException   
  SQLSTATE[23000]: Integrity constraint violation: 19 NOT NULL constraint failed: users.role_id (Connection: sqlite, SQL: insert into "users" ("name", "email", "email_verified_at", "password", "remember_token", "updated_at", "created_at") values (Dorothea Upton, erika70@example.org, 2026-04-19 01:13:25, $2y$04$5YHZIweTut0gWuO7uU9XOev3jLmJ8nmHHfoht277Jsl.SUFgMYtli, mDBY5uLNWc, 2026-04-19 01:13:25, 2026-04-19 01:13:25))

  at vendor\laravel\framework\src\Illuminate\Database\Connection.php:824
    820Γûò                     $this->getName(), $query, $this->prepareBindings($bindings), $e
    821Γûò                 );
    822Γûò             }
    823Γûò 
  Γ₧£ 824Γûò             throw new QueryException(
    825Γûò                 $this->getName(), $query, $this->prepareBindings($bindings), $e
    826Γûò             );
    827Γûò         }
    828Γûò     }

  1   vendor\laravel\framework\src\Illuminate\Database\Connection.php:824

  2   vendor\laravel\framework\src\Illuminate\Database\Connection.php:570
      NunoMaduro\Collision\Exceptions\TestException::("SQLSTATE[23000]: Integrity constraint violation: 19 NOT NULL constraint failed: users.role_id")

  ΓöÇΓöÇΓöÇΓöÇΓöÇΓöÇΓöÇΓöÇΓöÇΓöÇΓöÇΓöÇΓöÇΓöÇΓöÇΓöÇΓöÇΓöÇΓöÇΓöÇΓöÇΓöÇΓöÇΓöÇΓöÇΓöÇΓöÇΓöÇΓöÇΓöÇΓöÇΓöÇΓöÇΓöÇΓöÇΓöÇΓöÇΓöÇΓöÇΓöÇΓöÇΓöÇΓöÇΓöÇΓöÇΓöÇΓöÇΓöÇΓöÇΓöÇΓöÇΓöÇΓöÇΓöÇΓöÇΓöÇΓöÇΓöÇΓöÇΓöÇΓöÇΓöÇΓöÇΓöÇΓöÇΓöÇΓöÇΓöÇΓöÇΓöÇΓöÇΓöÇΓöÇΓöÇΓöÇΓöÇΓöÇΓöÇΓöÇΓöÇΓöÇΓöÇΓöÇΓöÇΓöÇΓöÇΓöÇΓöÇΓöÇΓöÇΓöÇΓöÇΓöÇΓöÇΓöÇ  
   FAILED  Tests\Feature\Auth\EmailVerificationTest > email verification screenΓÇª  QueryException   
  SQLSTATE[23000]: Integrity constraint violation: 19 NOT NULL constraint failed: users.role_id (Connection: sqlite, SQL: insert into "users" ("name", "email", "email_verified_at", "password", "remember_token", "updated_at", "created_at") values (Meagan O'Reilly, ksanford@example.net, ?, $2y$04$5YHZIweTut0gWuO7uU9XOev3jLmJ8nmHHfoht277Jsl.SUFgMYtli, TEOGUOBWzn, 2026-04-19 01:13:25, 2026-04-19 01:13:25))

  at vendor\laravel\framework\src\Illuminate\Database\Connection.php:824
    820Γûò                     $this->getName(), $query, $this->prepareBindings($bindings), $e
    821Γûò                 );
    822Γûò             }
    823Γûò 
  Γ₧£ 824Γûò             throw new QueryException(
    825Γûò                 $this->getName(), $query, $this->prepareBindings($bindings), $e
    826Γûò             );
    827Γûò         }
    828Γûò     }

  1   vendor\laravel\framework\src\Illuminate\Database\Connection.php:824

  2   vendor\laravel\framework\src\Illuminate\Database\Connection.php:570
      NunoMaduro\Collision\Exceptions\TestException::("SQLSTATE[23000]: Integrity constraint violation: 19 NOT NULL constraint failed: users.role_id")

  ΓöÇΓöÇΓöÇΓöÇΓöÇΓöÇΓöÇΓöÇΓöÇΓöÇΓöÇΓöÇΓöÇΓöÇΓöÇΓöÇΓöÇΓöÇΓöÇΓöÇΓöÇΓöÇΓöÇΓöÇΓöÇΓöÇΓöÇΓöÇΓöÇΓöÇΓöÇΓöÇΓöÇΓöÇΓöÇΓöÇΓöÇΓöÇΓöÇΓöÇΓöÇΓöÇΓöÇΓöÇΓöÇΓöÇΓöÇΓöÇΓöÇΓöÇΓöÇΓöÇΓöÇΓöÇΓöÇΓöÇΓöÇΓöÇΓöÇΓöÇΓöÇΓöÇΓöÇΓöÇΓöÇΓöÇΓöÇΓöÇΓöÇΓöÇΓöÇΓöÇΓöÇΓöÇΓöÇΓöÇΓöÇΓöÇΓöÇΓöÇΓöÇΓöÇΓöÇΓöÇΓöÇΓöÇΓöÇΓöÇΓöÇΓöÇΓöÇΓöÇΓöÇΓöÇΓöÇ  
   FAILED  Tests\Feature\Auth\EmailVerificationTest > email can be verified       QueryException   
  SQLSTATE[23000]: Integrity constraint violation: 19 NOT NULL constraint failed: users.role_id (Connection: sqlite, SQL: insert into "users" ("name", "email", "email_verified_at", "password", "remember_token", "updated_at", "created_at") values (Tiara Schmidt, rolando.wyman@example.org, ?, $2y$04$5YHZIweTut0gWuO7uU9XOev3jLmJ8nmHHfoht277Jsl.SUFgMYtli, 7OLBiF6rcN, 2026-04-19 01:13:25, 2026-04-19 01:13:25))

  at vendor\laravel\framework\src\Illuminate\Database\Connection.php:824
    820Γûò                     $this->getName(), $query, $this->prepareBindings($bindings), $e
    821Γûò                 );
    822Γûò             }
    823Γûò 
  Γ₧£ 824Γûò             throw new QueryException(
    825Γûò                 $this->getName(), $query, $this->prepareBindings($bindings), $e
    826Γûò             );
    827Γûò         }
    828Γûò     }

  1   vendor\laravel\framework\src\Illuminate\Database\Connection.php:824

  2   vendor\laravel\framework\src\Illuminate\Database\Connection.php:570
      NunoMaduro\Collision\Exceptions\TestException::("SQLSTATE[23000]: Integrity constraint violation: 19 NOT NULL constraint failed: users.role_id")

  ΓöÇΓöÇΓöÇΓöÇΓöÇΓöÇΓöÇΓöÇΓöÇΓöÇΓöÇΓöÇΓöÇΓöÇΓöÇΓöÇΓöÇΓöÇΓöÇΓöÇΓöÇΓöÇΓöÇΓöÇΓöÇΓöÇΓöÇΓöÇΓöÇΓöÇΓöÇΓöÇΓöÇΓöÇΓöÇΓöÇΓöÇΓöÇΓöÇΓöÇΓöÇΓöÇΓöÇΓöÇΓöÇΓöÇΓöÇΓöÇΓöÇΓöÇΓöÇΓöÇΓöÇΓöÇΓöÇΓöÇΓöÇΓöÇΓöÇΓöÇΓöÇΓöÇΓöÇΓöÇΓöÇΓöÇΓöÇΓöÇΓöÇΓöÇΓöÇΓöÇΓöÇΓöÇΓöÇΓöÇΓöÇΓöÇΓöÇΓöÇΓöÇΓöÇΓöÇΓöÇΓöÇΓöÇΓöÇΓöÇΓöÇΓöÇΓöÇΓöÇΓöÇΓöÇΓöÇ  
   FAILED  Tests\Feature\Auth\EmailVerificationTest > email is not verified witΓÇª  QueryException   
  SQLSTATE[23000]: Integrity constraint violation: 19 NOT NULL constraint failed: users.role_id (Connection: sqlite, SQL: insert into "users" ("name", "email", "email_verified_at", "password", "remember_token", "updated_at", "created_at") values (Prof. Damaris Okuneva III, zoie35@example.net, ?, $2y$04$5YHZIweTut0gWuO7uU9XOev3jLmJ8nmHHfoht277Jsl.SUFgMYtli, IPDZkvExEB, 2026-04-19 01:13:26, 2026-04-19 01:13:26))

  at vendor\laravel\framework\src\Illuminate\Database\Connection.php:824
    820Γûò                     $this->getName(), $query, $this->prepareBindings($bindings), $e
    821Γûò                 );
    822Γûò             }
    823Γûò 
  Γ₧£ 824Γûò             throw new QueryException(
    825Γûò                 $this->getName(), $query, $this->prepareBindings($bindings), $e
    826Γûò             );
    827Γûò         }
    828Γûò     }

  1   vendor\laravel\framework\src\Illuminate\Database\Connection.php:824

  2   vendor\laravel\framework\src\Illuminate\Database\Connection.php:570
      NunoMaduro\Collision\Exceptions\TestException::("SQLSTATE[23000]: Integrity constraint violation: 19 NOT NULL constraint failed: users.role_id")

  ΓöÇΓöÇΓöÇΓöÇΓöÇΓöÇΓöÇΓöÇΓöÇΓöÇΓöÇΓöÇΓöÇΓöÇΓöÇΓöÇΓöÇΓöÇΓöÇΓöÇΓöÇΓöÇΓöÇΓöÇΓöÇΓöÇΓöÇΓöÇΓöÇΓöÇΓöÇΓöÇΓöÇΓöÇΓöÇΓöÇΓöÇΓöÇΓöÇΓöÇΓöÇΓöÇΓöÇΓöÇΓöÇΓöÇΓöÇΓöÇΓöÇΓöÇΓöÇΓöÇΓöÇΓöÇΓöÇΓöÇΓöÇΓöÇΓöÇΓöÇΓöÇΓöÇΓöÇΓöÇΓöÇΓöÇΓöÇΓöÇΓöÇΓöÇΓöÇΓöÇΓöÇΓöÇΓöÇΓöÇΓöÇΓöÇΓöÇΓöÇΓöÇΓöÇΓöÇΓöÇΓöÇΓöÇΓöÇΓöÇΓöÇΓöÇΓöÇΓöÇΓöÇΓöÇΓöÇ  
   FAILED  Tests\Feature\Auth\PasswordConfirmationTest > confirm password screeΓÇª  QueryException   
  SQLSTATE[23000]: Integrity constraint violation: 19 NOT NULL constraint failed: users.role_id (Connection: sqlite, SQL: insert into "users" ("name", "email", "email_verified_at", "password", "remember_token", "updated_at", "created_at") values (Ahmad Gutmann, ctorp@example.org, 2026-04-19 01:13:26, $2y$04$5YHZIweTut0gWuO7uU9XOev3jLmJ8nmHHfoht277Jsl.SUFgMYtli, bCEJPoE6Xv, 2026-04-19 01:13:26, 2026-04-19 01:13:26))

  at vendor\laravel\framework\src\Illuminate\Database\Connection.php:824
    820Γûò                     $this->getName(), $query, $this->prepareBindings($bindings), $e
    821Γûò                 );
    822Γûò             }
    823Γûò 
  Γ₧£ 824Γûò             throw new QueryException(
    825Γûò                 $this->getName(), $query, $this->prepareBindings($bindings), $e
    826Γûò             );
    827Γûò         }
    828Γûò     }

  1   vendor\laravel\framework\src\Illuminate\Database\Connection.php:824

  2   vendor\laravel\framework\src\Illuminate\Database\Connection.php:570
      NunoMaduro\Collision\Exceptions\TestException::("SQLSTATE[23000]: Integrity constraint violation: 19 NOT NULL constraint failed: users.role_id")

  ΓöÇΓöÇΓöÇΓöÇΓöÇΓöÇΓöÇΓöÇΓöÇΓöÇΓöÇΓöÇΓöÇΓöÇΓöÇΓöÇΓöÇΓöÇΓöÇΓöÇΓöÇΓöÇΓöÇΓöÇΓöÇΓöÇΓöÇΓöÇΓöÇΓöÇΓöÇΓöÇΓöÇΓöÇΓöÇΓöÇΓöÇΓöÇΓöÇΓöÇΓöÇΓöÇΓöÇΓöÇΓöÇΓöÇΓöÇΓöÇΓöÇΓöÇΓöÇΓöÇΓöÇΓöÇΓöÇΓöÇΓöÇΓöÇΓöÇΓöÇΓöÇΓöÇΓöÇΓöÇΓöÇΓöÇΓöÇΓöÇΓöÇΓöÇΓöÇΓöÇΓöÇΓöÇΓöÇΓöÇΓöÇΓöÇΓöÇΓöÇΓöÇΓöÇΓöÇΓöÇΓöÇΓöÇΓöÇΓöÇΓöÇΓöÇΓöÇΓöÇΓöÇΓöÇΓöÇ  
   FAILED  Tests\Feature\Auth\PasswordConfirmationTest > password can be confirΓÇª  QueryException   
  SQLSTATE[23000]: Integrity constraint violation: 19 NOT NULL constraint failed: users.role_id (Connection: sqlite, SQL: insert into "users" ("name", "email", "email_verified_at", "password", "remember_token", "updated_at", "created_at") values (Samir Collins, filomena61@example.com, 2026-04-19 01:13:26, $2y$04$5YHZIweTut0gWuO7uU9XOev3jLmJ8nmHHfoht277Jsl.SUFgMYtli, Vjl7hipBKM, 2026-04-19 01:13:26, 2026-04-19 01:13:26))

  at vendor\laravel\framework\src\Illuminate\Database\Connection.php:824
    820Γûò                     $this->getName(), $query, $this->prepareBindings($bindings), $e
    821Γûò                 );
    822Γûò             }
    823Γûò 
  Γ₧£ 824Γûò             throw new QueryException(
    825Γûò                 $this->getName(), $query, $this->prepareBindings($bindings), $e
    826Γûò             );
    827Γûò         }
    828Γûò     }

  1   vendor\laravel\framework\src\Illuminate\Database\Connection.php:824

  2   vendor\laravel\framework\src\Illuminate\Database\Connection.php:570
      NunoMaduro\Collision\Exceptions\TestException::("SQLSTATE[23000]: Integrity constraint violation: 19 NOT NULL constraint failed: users.role_id")

  ΓöÇΓöÇΓöÇΓöÇΓöÇΓöÇΓöÇΓöÇΓöÇΓöÇΓöÇΓöÇΓöÇΓöÇΓöÇΓöÇΓöÇΓöÇΓöÇΓöÇΓöÇΓöÇΓöÇΓöÇΓöÇΓöÇΓöÇΓöÇΓöÇΓöÇΓöÇΓöÇΓöÇΓöÇΓöÇΓöÇΓöÇΓöÇΓöÇΓöÇΓöÇΓöÇΓöÇΓöÇΓöÇΓöÇΓöÇΓöÇΓöÇΓöÇΓöÇΓöÇΓöÇΓöÇΓöÇΓöÇΓöÇΓöÇΓöÇΓöÇΓöÇΓöÇΓöÇΓöÇΓöÇΓöÇΓöÇΓöÇΓöÇΓöÇΓöÇΓöÇΓöÇΓöÇΓöÇΓöÇΓöÇΓöÇΓöÇΓöÇΓöÇΓöÇΓöÇΓöÇΓöÇΓöÇΓöÇΓöÇΓöÇΓöÇΓöÇΓöÇΓöÇΓöÇΓöÇ  
   FAILED  Tests\Feature\Auth\PasswordConfirmationTest > password is not confirΓÇª  QueryException   
  SQLSTATE[23000]: Integrity constraint violation: 19 NOT NULL constraint failed: users.role_id (Connection: sqlite, SQL: insert into "users" ("name", "email", "email_verified_at", "password", "remember_token", "updated_at", "created_at") values (Miss Dixie Orn DVM, vinnie.waters@example.net, 2026-04-19 01:13:26, $2y$04$5YHZIweTut0gWuO7uU9XOev3jLmJ8nmHHfoht277Jsl.SUFgMYtli, he61jeywmY, 2026-04-19 01:13:26, 2026-04-19 01:13:26))

  at vendor\laravel\framework\src\Illuminate\Database\Connection.php:824
    820Γûò                     $this->getName(), $query, $this->prepareBindings($bindings), $e
    821Γûò                 );
    822Γûò             }
    823Γûò 
  Γ₧£ 824Γûò             throw new QueryException(
    825Γûò                 $this->getName(), $query, $this->prepareBindings($bindings), $e
    826Γûò             );
    827Γûò         }
    828Γûò     }

  1   vendor\laravel\framework\src\Illuminate\Database\Connection.php:824

  2   vendor\laravel\framework\src\Illuminate\Database\Connection.php:570
      NunoMaduro\Collision\Exceptions\TestException::("SQLSTATE[23000]: Integrity constraint violation: 19 NOT NULL constraint failed: users.role_id")

  ΓöÇΓöÇΓöÇΓöÇΓöÇΓöÇΓöÇΓöÇΓöÇΓöÇΓöÇΓöÇΓöÇΓöÇΓöÇΓöÇΓöÇΓöÇΓöÇΓöÇΓöÇΓöÇΓöÇΓöÇΓöÇΓöÇΓöÇΓöÇΓöÇΓöÇΓöÇΓöÇΓöÇΓöÇΓöÇΓöÇΓöÇΓöÇΓöÇΓöÇΓöÇΓöÇΓöÇΓöÇΓöÇΓöÇΓöÇΓöÇΓöÇΓöÇΓöÇΓöÇΓöÇΓöÇΓöÇΓöÇΓöÇΓöÇΓöÇΓöÇΓöÇΓöÇΓöÇΓöÇΓöÇΓöÇΓöÇΓöÇΓöÇΓöÇΓöÇΓöÇΓöÇΓöÇΓöÇΓöÇΓöÇΓöÇΓöÇΓöÇΓöÇΓöÇΓöÇΓöÇΓöÇΓöÇΓöÇΓöÇΓöÇΓöÇΓöÇΓöÇΓöÇΓöÇΓöÇ  
   FAILED  Tests\Feature\Auth\PasswordResetTest > reset password link can be reΓÇª  QueryException   
  SQLSTATE[23000]: Integrity constraint violation: 19 NOT NULL constraint failed: users.role_id (Connection: sqlite, SQL: insert into "users" ("name", "email", "email_verified_at", "password", "remember_token", "updated_at", "created_at") values (Demario Frami DDS, kabshire@example.com, 2026-04-19 01:13:26, $2y$04$5YHZIweTut0gWuO7uU9XOev3jLmJ8nmHHfoht277Jsl.SUFgMYtli, nVJEUp0MtN, 2026-04-19 01:13:26, 2026-04-19 01:13:26))

  at vendor\laravel\framework\src\Illuminate\Database\Connection.php:824
    820Γûò                     $this->getName(), $query, $this->prepareBindings($bindings), $e
    821Γûò                 );
    822Γûò             }
    823Γûò 
  Γ₧£ 824Γûò             throw new QueryException(
    825Γûò                 $this->getName(), $query, $this->prepareBindings($bindings), $e
    826Γûò             );
    827Γûò         }
    828Γûò     }

  1   vendor\laravel\framework\src\Illuminate\Database\Connection.php:824

  2   vendor\laravel\framework\src\Illuminate\Database\Connection.php:570
      NunoMaduro\Collision\Exceptions\TestException::("SQLSTATE[23000]: Integrity constraint violation: 19 NOT NULL constraint failed: users.role_id")

  ΓöÇΓöÇΓöÇΓöÇΓöÇΓöÇΓöÇΓöÇΓöÇΓöÇΓöÇΓöÇΓöÇΓöÇΓöÇΓöÇΓöÇΓöÇΓöÇΓöÇΓöÇΓöÇΓöÇΓöÇΓöÇΓöÇΓöÇΓöÇΓöÇΓöÇΓöÇΓöÇΓöÇΓöÇΓöÇΓöÇΓöÇΓöÇΓöÇΓöÇΓöÇΓöÇΓöÇΓöÇΓöÇΓöÇΓöÇΓöÇΓöÇΓöÇΓöÇΓöÇΓöÇΓöÇΓöÇΓöÇΓöÇΓöÇΓöÇΓöÇΓöÇΓöÇΓöÇΓöÇΓöÇΓöÇΓöÇΓöÇΓöÇΓöÇΓöÇΓöÇΓöÇΓöÇΓöÇΓöÇΓöÇΓöÇΓöÇΓöÇΓöÇΓöÇΓöÇΓöÇΓöÇΓöÇΓöÇΓöÇΓöÇΓöÇΓöÇΓöÇΓöÇΓöÇΓöÇ  
   FAILED  Tests\Feature\Auth\PasswordResetTest > reset password screen can beΓÇª   QueryException   
  SQLSTATE[23000]: Integrity constraint violation: 19 NOT NULL constraint failed: users.role_id (Connection: sqlite, SQL: insert into "users" ("name", "email", "email_verified_at", "password", "remember_token", "updated_at", "created_at") values (Althea Renner, jettie.ryan@example.net, 2026-04-19 01:13:26, $2y$04$5YHZIweTut0gWuO7uU9XOev3jLmJ8nmHHfoht277Jsl.SUFgMYtli, baRA7wq4as, 2026-04-19 01:13:26, 2026-04-19 01:13:26))

  at vendor\laravel\framework\src\Illuminate\Database\Connection.php:824
    820Γûò                     $this->getName(), $query, $this->prepareBindings($bindings), $e
    821Γûò                 );
    822Γûò             }
    823Γûò 
  Γ₧£ 824Γûò             throw new QueryException(
    825Γûò                 $this->getName(), $query, $this->prepareBindings($bindings), $e
    826Γûò             );
    827Γûò         }
    828Γûò     }

  1   vendor\laravel\framework\src\Illuminate\Database\Connection.php:824

  2   vendor\laravel\framework\src\Illuminate\Database\Connection.php:570
      NunoMaduro\Collision\Exceptions\TestException::("SQLSTATE[23000]: Integrity constraint violation: 19 NOT NULL constraint failed: users.role_id")

  ΓöÇΓöÇΓöÇΓöÇΓöÇΓöÇΓöÇΓöÇΓöÇΓöÇΓöÇΓöÇΓöÇΓöÇΓöÇΓöÇΓöÇΓöÇΓöÇΓöÇΓöÇΓöÇΓöÇΓöÇΓöÇΓöÇΓöÇΓöÇΓöÇΓöÇΓöÇΓöÇΓöÇΓöÇΓöÇΓöÇΓöÇΓöÇΓöÇΓöÇΓöÇΓöÇΓöÇΓöÇΓöÇΓöÇΓöÇΓöÇΓöÇΓöÇΓöÇΓöÇΓöÇΓöÇΓöÇΓöÇΓöÇΓöÇΓöÇΓöÇΓöÇΓöÇΓöÇΓöÇΓöÇΓöÇΓöÇΓöÇΓöÇΓöÇΓöÇΓöÇΓöÇΓöÇΓöÇΓöÇΓöÇΓöÇΓöÇΓöÇΓöÇΓöÇΓöÇΓöÇΓöÇΓöÇΓöÇΓöÇΓöÇΓöÇΓöÇΓöÇΓöÇΓöÇΓöÇ  
   FAILED  Tests\Feature\Auth\PasswordResetTest > password can be reset with vaΓÇª  QueryException   
  SQLSTATE[23000]: Integrity constraint violation: 19 NOT NULL constraint failed: users.role_id (Connection: sqlite, SQL: insert into "users" ("name", "email", "email_verified_at", "password", "remember_token", "updated_at", "created_at") values (Mrs. Nella Schroeder Sr., kayla.denesik@example.net, 2026-04-19 01:13:26, $2y$04$5YHZIweTut0gWuO7uU9XOev3jLmJ8nmHHfoht277Jsl.SUFgMYtli, B8ZvIuuLJN, 2026-04-19 01:13:26, 2026-04-19 01:13:26))

  at vendor\laravel\framework\src\Illuminate\Database\Connection.php:824
    820Γûò                     $this->getName(), $query, $this->prepareBindings($bindings), $e
    821Γûò                 );
    822Γûò             }
    823Γûò 
  Γ₧£ 824Γûò             throw new QueryException(
    825Γûò                 $this->getName(), $query, $this->prepareBindings($bindings), $e
    826Γûò             );
    827Γûò         }
    828Γûò     }

  1   vendor\laravel\framework\src\Illuminate\Database\Connection.php:824

  2   vendor\laravel\framework\src\Illuminate\Database\Connection.php:570
      NunoMaduro\Collision\Exceptions\TestException::("SQLSTATE[23000]: Integrity constraint violation: 19 NOT NULL constraint failed: users.role_id")

  ΓöÇΓöÇΓöÇΓöÇΓöÇΓöÇΓöÇΓöÇΓöÇΓöÇΓöÇΓöÇΓöÇΓöÇΓöÇΓöÇΓöÇΓöÇΓöÇΓöÇΓöÇΓöÇΓöÇΓöÇΓöÇΓöÇΓöÇΓöÇΓöÇΓöÇΓöÇΓöÇΓöÇΓöÇΓöÇΓöÇΓöÇΓöÇΓöÇΓöÇΓöÇΓöÇΓöÇΓöÇΓöÇΓöÇΓöÇΓöÇΓöÇΓöÇΓöÇΓöÇΓöÇΓöÇΓöÇΓöÇΓöÇΓöÇΓöÇΓöÇΓöÇΓöÇΓöÇΓöÇΓöÇΓöÇΓöÇΓöÇΓöÇΓöÇΓöÇΓöÇΓöÇΓöÇΓöÇΓöÇΓöÇΓöÇΓöÇΓöÇΓöÇΓöÇΓöÇΓöÇΓöÇΓöÇΓöÇΓöÇΓöÇΓöÇΓöÇΓöÇΓöÇΓöÇΓöÇ  
   FAILED  Tests\Feature\Auth\PasswordUpdateTest > password can be updated        QueryException   
  SQLSTATE[23000]: Integrity constraint violation: 19 NOT NULL constraint failed: users.role_id (Connection: sqlite, SQL: insert into "users" ("name", "email", "email_verified_at", "password", "remember_token", "updated_at", "created_at") values (Claire Skiles, jimmy08@example.org, 2026-04-19 01:13:26, $2y$04$5YHZIweTut0gWuO7uU9XOev3jLmJ8nmHHfoht277Jsl.SUFgMYtli, 1sNb8dH5FS, 2026-04-19 01:13:26, 2026-04-19 01:13:26))

  at vendor\laravel\framework\src\Illuminate\Database\Connection.php:824
    820Γûò                     $this->getName(), $query, $this->prepareBindings($bindings), $e
    821Γûò                 );
    822Γûò             }
    823Γûò 
  Γ₧£ 824Γûò             throw new QueryException(
    825Γûò                 $this->getName(), $query, $this->prepareBindings($bindings), $e
    826Γûò             );
    827Γûò         }
    828Γûò     }

  1   vendor\laravel\framework\src\Illuminate\Database\Connection.php:824

  2   vendor\laravel\framework\src\Illuminate\Database\Connection.php:570
      NunoMaduro\Collision\Exceptions\TestException::("SQLSTATE[23000]: Integrity constraint violation: 19 NOT NULL constraint failed: users.role_id")

  ΓöÇΓöÇΓöÇΓöÇΓöÇΓöÇΓöÇΓöÇΓöÇΓöÇΓöÇΓöÇΓöÇΓöÇΓöÇΓöÇΓöÇΓöÇΓöÇΓöÇΓöÇΓöÇΓöÇΓöÇΓöÇΓöÇΓöÇΓöÇΓöÇΓöÇΓöÇΓöÇΓöÇΓöÇΓöÇΓöÇΓöÇΓöÇΓöÇΓöÇΓöÇΓöÇΓöÇΓöÇΓöÇΓöÇΓöÇΓöÇΓöÇΓöÇΓöÇΓöÇΓöÇΓöÇΓöÇΓöÇΓöÇΓöÇΓöÇΓöÇΓöÇΓöÇΓöÇΓöÇΓöÇΓöÇΓöÇΓöÇΓöÇΓöÇΓöÇΓöÇΓöÇΓöÇΓöÇΓöÇΓöÇΓöÇΓöÇΓöÇΓöÇΓöÇΓöÇΓöÇΓöÇΓöÇΓöÇΓöÇΓöÇΓöÇΓöÇΓöÇΓöÇΓöÇΓöÇ  
   FAILED  Tests\Feature\Auth\PasswordUpdateTest > correct password must be proΓÇª  QueryException   
  SQLSTATE[23000]: Integrity constraint violation: 19 NOT NULL constraint failed: users.role_id (Connection: sqlite, SQL: insert into "users" ("name", "email", "email_verified_at", "password", "remember_token", "updated_at", "created_at") values (Mrs. Meagan Schinner I, rozella.leffler@example.org, 2026-04-19 01:13:26, $2y$04$5YHZIweTut0gWuO7uU9XOev3jLmJ8nmHHfoht277Jsl.SUFgMYtli, UPie5XIl1Y, 2026-04-19 01:13:26, 2026-04-19 01:13:26))

  at vendor\laravel\framework\src\Illuminate\Database\Connection.php:824
    820Γûò                     $this->getName(), $query, $this->prepareBindings($bindings), $e
    821Γûò                 );
    822Γûò             }
    823Γûò 
  Γ₧£ 824Γûò             throw new QueryException(
    825Γûò                 $this->getName(), $query, $this->prepareBindings($bindings), $e
    826Γûò             );
    827Γûò         }
    828Γûò     }

  1   vendor\laravel\framework\src\Illuminate\Database\Connection.php:824

  2   vendor\laravel\framework\src\Illuminate\Database\Connection.php:570
      NunoMaduro\Collision\Exceptions\TestException::("SQLSTATE[23000]: Integrity constraint violation: 19 NOT NULL constraint failed: users.role_id")

  ΓöÇΓöÇΓöÇΓöÇΓöÇΓöÇΓöÇΓöÇΓöÇΓöÇΓöÇΓöÇΓöÇΓöÇΓöÇΓöÇΓöÇΓöÇΓöÇΓöÇΓöÇΓöÇΓöÇΓöÇΓöÇΓöÇΓöÇΓöÇΓöÇΓöÇΓöÇΓöÇΓöÇΓöÇΓöÇΓöÇΓöÇΓöÇΓöÇΓöÇΓöÇΓöÇΓöÇΓöÇΓöÇΓöÇΓöÇΓöÇΓöÇΓöÇΓöÇΓöÇΓöÇΓöÇΓöÇΓöÇΓöÇΓöÇΓöÇΓöÇΓöÇΓöÇΓöÇΓöÇΓöÇΓöÇΓöÇΓöÇΓöÇΓöÇΓöÇΓöÇΓöÇΓöÇΓöÇΓöÇΓöÇΓöÇΓöÇΓöÇΓöÇΓöÇΓöÇΓöÇΓöÇΓöÇΓöÇΓöÇΓöÇΓöÇΓöÇΓöÇΓöÇΓöÇΓöÇ  
   FAILED  Tests\Feature\Auth\RegistrationTest > new users can register                            
  The user is not authenticated
Failed asserting that false is true.

  at tests\Feature\Auth\RegistrationTest.php:28
     24Γûò             'password' => 'password',
     25Γûò             'password_confirmation' => 'password',
     26Γûò         ]);
     27Γûò 
  Γ₧£  28Γûò         $this->assertAuthenticated();
     29Γûò         $response->assertRedirect(route('dashboard', absolute: false));
     30Γûò     }
     31Γûò }
     32Γûò

  ΓöÇΓöÇΓöÇΓöÇΓöÇΓöÇΓöÇΓöÇΓöÇΓöÇΓöÇΓöÇΓöÇΓöÇΓöÇΓöÇΓöÇΓöÇΓöÇΓöÇΓöÇΓöÇΓöÇΓöÇΓöÇΓöÇΓöÇΓöÇΓöÇΓöÇΓöÇΓöÇΓöÇΓöÇΓöÇΓöÇΓöÇΓöÇΓöÇΓöÇΓöÇΓöÇΓöÇΓöÇΓöÇΓöÇΓöÇΓöÇΓöÇΓöÇΓöÇΓöÇΓöÇΓöÇΓöÇΓöÇΓöÇΓöÇΓöÇΓöÇΓöÇΓöÇΓöÇΓöÇΓöÇΓöÇΓöÇΓöÇΓöÇΓöÇΓöÇΓöÇΓöÇΓöÇΓöÇΓöÇΓöÇΓöÇΓöÇΓöÇΓöÇΓöÇΓöÇΓöÇΓöÇΓöÇΓöÇΓöÇΓöÇΓöÇΓöÇΓöÇΓöÇΓöÇΓöÇ  
   FAILED  Tests\Feature\ProfileTest > profile page is displayed                  QueryException   
  SQLSTATE[23000]: Integrity constraint violation: 19 NOT NULL constraint failed: users.role_id (Connection: sqlite, SQL: insert into "users" ("name", "email", "email_verified_at", "password", "remember_token", "updated_at", "created_at") values (Eleonore Berge, von.noel@example.com, 2026-04-19 01:13:26, $2y$04$5YHZIweTut0gWuO7uU9XOev3jLmJ8nmHHfoht277Jsl.SUFgMYtli, YPQ2FMxqRn, 2026-04-19 01:13:26, 2026-04-19 01:13:26))

  at vendor\laravel\framework\src\Illuminate\Database\Connection.php:824
    820Γûò                     $this->getName(), $query, $this->prepareBindings($bindings), $e
    821Γûò                 );
    822Γûò             }
    823Γûò 
  Γ₧£ 824Γûò             throw new QueryException(
    825Γûò                 $this->getName(), $query, $this->prepareBindings($bindings), $e
    826Γûò             );
    827Γûò         }
    828Γûò     }

  1   vendor\laravel\framework\src\Illuminate\Database\Connection.php:824

  2   vendor\laravel\framework\src\Illuminate\Database\Connection.php:570
      NunoMaduro\Collision\Exceptions\TestException::("SQLSTATE[23000]: Integrity constraint violation: 19 NOT NULL constraint failed: users.role_id")

  ΓöÇΓöÇΓöÇΓöÇΓöÇΓöÇΓöÇΓöÇΓöÇΓöÇΓöÇΓöÇΓöÇΓöÇΓöÇΓöÇΓöÇΓöÇΓöÇΓöÇΓöÇΓöÇΓöÇΓöÇΓöÇΓöÇΓöÇΓöÇΓöÇΓöÇΓöÇΓöÇΓöÇΓöÇΓöÇΓöÇΓöÇΓöÇΓöÇΓöÇΓöÇΓöÇΓöÇΓöÇΓöÇΓöÇΓöÇΓöÇΓöÇΓöÇΓöÇΓöÇΓöÇΓöÇΓöÇΓöÇΓöÇΓöÇΓöÇΓöÇΓöÇΓöÇΓöÇΓöÇΓöÇΓöÇΓöÇΓöÇΓöÇΓöÇΓöÇΓöÇΓöÇΓöÇΓöÇΓöÇΓöÇΓöÇΓöÇΓöÇΓöÇΓöÇΓöÇΓöÇΓöÇΓöÇΓöÇΓöÇΓöÇΓöÇΓöÇΓöÇΓöÇΓöÇΓöÇ  
   FAILED  Tests\Feature\ProfileTest > profile information can be updated         QueryException   
  SQLSTATE[23000]: Integrity constraint violation: 19 NOT NULL constraint failed: users.role_id (Connection: sqlite, SQL: insert into "users" ("name", "email", "email_verified_at", "password", "remember_token", "updated_at", "created_at") values (Mrs. Adriana Gleason V, wiegand.jannie@example.net, 2026-04-19 01:13:26, $2y$04$5YHZIweTut0gWuO7uU9XOev3jLmJ8nmHHfoht277Jsl.SUFgMYtli, tp67Kf6vd4, 2026-04-19 01:13:26, 2026-04-19 01:13:26))

  at vendor\laravel\framework\src\Illuminate\Database\Connection.php:824
    820Γûò                     $this->getName(), $query, $this->prepareBindings($bindings), $e
    821Γûò                 );
    822Γûò             }
    823Γûò 
  Γ₧£ 824Γûò             throw new QueryException(
    825Γûò                 $this->getName(), $query, $this->prepareBindings($bindings), $e
    826Γûò             );
    827Γûò         }
    828Γûò     }

  1   vendor\laravel\framework\src\Illuminate\Database\Connection.php:824

  2   vendor\laravel\framework\src\Illuminate\Database\Connection.php:570
      NunoMaduro\Collision\Exceptions\TestException::("SQLSTATE[23000]: Integrity constraint violation: 19 NOT NULL constraint failed: users.role_id")

  ΓöÇΓöÇΓöÇΓöÇΓöÇΓöÇΓöÇΓöÇΓöÇΓöÇΓöÇΓöÇΓöÇΓöÇΓöÇΓöÇΓöÇΓöÇΓöÇΓöÇΓöÇΓöÇΓöÇΓöÇΓöÇΓöÇΓöÇΓöÇΓöÇΓöÇΓöÇΓöÇΓöÇΓöÇΓöÇΓöÇΓöÇΓöÇΓöÇΓöÇΓöÇΓöÇΓöÇΓöÇΓöÇΓöÇΓöÇΓöÇΓöÇΓöÇΓöÇΓöÇΓöÇΓöÇΓöÇΓöÇΓöÇΓöÇΓöÇΓöÇΓöÇΓöÇΓöÇΓöÇΓöÇΓöÇΓöÇΓöÇΓöÇΓöÇΓöÇΓöÇΓöÇΓöÇΓöÇΓöÇΓöÇΓöÇΓöÇΓöÇΓöÇΓöÇΓöÇΓöÇΓöÇΓöÇΓöÇΓöÇΓöÇΓöÇΓöÇΓöÇΓöÇΓöÇΓöÇ  
   FAILED  Tests\Feature\ProfileTest > email verification status is unchanged wΓÇª  QueryException   
  SQLSTATE[23000]: Integrity constraint violation: 19 NOT NULL constraint failed: users.role_id (Connection: sqlite, SQL: insert into "users" ("name", "email", "email_verified_at", "password", "remember_token", "updated_at", "created_at") values (Haven Tillman, hirthe.nicholaus@example.net, 2026-04-19 01:13:26, $2y$04$5YHZIweTut0gWuO7uU9XOev3jLmJ8nmHHfoht277Jsl.SUFgMYtli, yYcEGy9bfG, 2026-04-19 01:13:26, 2026-04-19 01:13:26))

  at vendor\laravel\framework\src\Illuminate\Database\Connection.php:824
    820Γûò                     $this->getName(), $query, $this->prepareBindings($bindings), $e
    821Γûò                 );
    822Γûò             }
    823Γûò 
  Γ₧£ 824Γûò             throw new QueryException(
    825Γûò                 $this->getName(), $query, $this->prepareBindings($bindings), $e
    826Γûò             );
    827Γûò         }
    828Γûò     }

  1   vendor\laravel\framework\src\Illuminate\Database\Connection.php:824

  2   vendor\laravel\framework\src\Illuminate\Database\Connection.php:570
      NunoMaduro\Collision\Exceptions\TestException::("SQLSTATE[23000]: Integrity constraint violation: 19 NOT NULL constraint failed: users.role_id")

  ΓöÇΓöÇΓöÇΓöÇΓöÇΓöÇΓöÇΓöÇΓöÇΓöÇΓöÇΓöÇΓöÇΓöÇΓöÇΓöÇΓöÇΓöÇΓöÇΓöÇΓöÇΓöÇΓöÇΓöÇΓöÇΓöÇΓöÇΓöÇΓöÇΓöÇΓöÇΓöÇΓöÇΓöÇΓöÇΓöÇΓöÇΓöÇΓöÇΓöÇΓöÇΓöÇΓöÇΓöÇΓöÇΓöÇΓöÇΓöÇΓöÇΓöÇΓöÇΓöÇΓöÇΓöÇΓöÇΓöÇΓöÇΓöÇΓöÇΓöÇΓöÇΓöÇΓöÇΓöÇΓöÇΓöÇΓöÇΓöÇΓöÇΓöÇΓöÇΓöÇΓöÇΓöÇΓöÇΓöÇΓöÇΓöÇΓöÇΓöÇΓöÇΓöÇΓöÇΓöÇΓöÇΓöÇΓöÇΓöÇΓöÇΓöÇΓöÇΓöÇΓöÇΓöÇΓöÇ  
   FAILED  Tests\Feature\ProfileTest > user can delete their account              QueryException   
  SQLSTATE[23000]: Integrity constraint violation: 19 NOT NULL constraint failed: users.role_id (Connection: sqlite, SQL: insert into "users" ("name", "email", "email_verified_at", "password", "remember_token", "updated_at", "created_at") values (Lisandro Wisozk, hartmann.raleigh@example.org, 2026-04-19 01:13:26, $2y$04$5YHZIweTut0gWuO7uU9XOev3jLmJ8nmHHfoht277Jsl.SUFgMYtli, v3Y9AjlEEx, 2026-04-19 01:13:26, 2026-04-19 01:13:26))

  at vendor\laravel\framework\src\Illuminate\Database\Connection.php:824
    820Γûò                     $this->getName(), $query, $this->prepareBindings($bindings), $e
    821Γûò                 );
    822Γûò             }
    823Γûò 
  Γ₧£ 824Γûò             throw new QueryException(
    825Γûò                 $this->getName(), $query, $this->prepareBindings($bindings), $e
    826Γûò             );
    827Γûò         }
    828Γûò     }

  1   vendor\laravel\framework\src\Illuminate\Database\Connection.php:824

  2   vendor\laravel\framework\src\Illuminate\Database\Connection.php:570
      NunoMaduro\Collision\Exceptions\TestException::("SQLSTATE[23000]: Integrity constraint violation: 19 NOT NULL constraint failed: users.role_id")

  ΓöÇΓöÇΓöÇΓöÇΓöÇΓöÇΓöÇΓöÇΓöÇΓöÇΓöÇΓöÇΓöÇΓöÇΓöÇΓöÇΓöÇΓöÇΓöÇΓöÇΓöÇΓöÇΓöÇΓöÇΓöÇΓöÇΓöÇΓöÇΓöÇΓöÇΓöÇΓöÇΓöÇΓöÇΓöÇΓöÇΓöÇΓöÇΓöÇΓöÇΓöÇΓöÇΓöÇΓöÇΓöÇΓöÇΓöÇΓöÇΓöÇΓöÇΓöÇΓöÇΓöÇΓöÇΓöÇΓöÇΓöÇΓöÇΓöÇΓöÇΓöÇΓöÇΓöÇΓöÇΓöÇΓöÇΓöÇΓöÇΓöÇΓöÇΓöÇΓöÇΓöÇΓöÇΓöÇΓöÇΓöÇΓöÇΓöÇΓöÇΓöÇΓöÇΓöÇΓöÇΓöÇΓöÇΓöÇΓöÇΓöÇΓöÇΓöÇΓöÇΓöÇΓöÇΓöÇ  
   FAILED  Tests\Feature\ProfileTest > correct password must be provided to delΓÇª  QueryException   
  SQLSTATE[23000]: Integrity constraint violation: 19 NOT NULL constraint failed: users.role_id (Connection: sqlite, SQL: insert into "users" ("name", "email", "email_verified_at", "password", "remember_token", "updated_at", "created_at") values (Isaac Reynolds, sim.bergstrom@example.org, 2026-04-19 01:13:26, $2y$04$5YHZIweTut0gWuO7uU9XOev3jLmJ8nmHHfoht277Jsl.SUFgMYtli, Qs58W1TQXM, 2026-04-19 01:13:26, 2026-04-19 01:13:26))

  at vendor\laravel\framework\src\Illuminate\Database\Connection.php:824
    820Γûò                     $this->getName(), $query, $this->prepareBindings($bindings), $e
    821Γûò                 );
    822Γûò             }
    823Γûò 
  Γ₧£ 824Γûò             throw new QueryException(
    825Γûò                 $this->getName(), $query, $this->prepareBindings($bindings), $e
    826Γûò             );
    827Γûò         }
    828Γûò     }

  1   vendor\laravel\framework\src\Illuminate\Database\Connection.php:824

  2   vendor\laravel\framework\src\Illuminate\Database\Connection.php:570
      NunoMaduro\Collision\Exceptions\TestException::("SQLSTATE[23000]: Integrity constraint violation: 19 NOT NULL constraint failed: users.role_id")


  Tests:    20 failed, 5 passed (6 assertions)
  Duration: 2.85s

